==============================================================================
mapdn_ns launcher  script=train alg=mappo arm=blind sigma=3 direct=False seed=1 scenario=case141_3min_final barrier=l1
log_name           var_voltage_control-case141_3min_final-distributed-mappo-l1-paper-blind-s3-seed1
debug csv          runs/ns_logs/var_voltage_control-case141_3min_final-distributed-mappo-l1-paper-blind-s3-seed1/pact_debug.csv
==============================================================================
This is the s_max: 
[ 4.06710828  4.06710828  9.39838018  9.39838018  1.48406276 10.04474004
 10.04474004  2.13486849  2.13486849  2.13486849  2.13486849  0.87463775
  0.87463775  0.87463775  5.76713732  5.76713732 12.35333912 12.35333912
  1.40215631  1.40215631  1.40215631  1.40215631]
feeder          case141_3min_final: 140 elements, 22 inverters, V_base=12.5 kV
                classes {'heavy': 47, 'medium': 47, 'light': 46}  (conductor size: tercile of r_ohm_per_km (heavy trunk / medium / light lateral))
                path lengths [5, 7, 8, 13, 18, 16, 22, 17, 16, 20, 16, 12, 15, 14, 15, 14, 27, 18, 18, 23, 25, 31]
                s_rated (MVA) [4.067, 4.067, 9.398, 9.398, 1.484, 10.045, 10.045, 2.135, 2.135, 2.135, 2.135, 0.875, 0.875, 0.875, 5.767, 5.767, 12.353, 12.353, 1.402, 1.402, 1.402, 1.402]
coupling        N=22 r=3 classes=['heavy', 'medium', 'light']
                send (unknown) [1.8, 1.0, 0.2]
                W (MVAr/MVAr @ sigma=1, A=1): mean 0.0322 max 0.2131 spread 1.185 asym 0.444 zero-pairs 0%
                k_slope=7.333 q_sat=0.44 rho=0.0
                loop gain rho(W)=0.675 at sigma=1 -> the fleet hunts at noon for sigma > 1.48
ns layer        sigma=3.0 driver=solar day=[6,18) N=22 D_ref=0.105 of the VAR range obs+=(residual=True, channels=True, driver=False) channel=COUPLED (C)
GenericDict(gumbel_softmax=False, epsilon_softmax=False, softmax_eps=None, episodic=False, cuda=True, grad_clip_eps=1.0, save_model_freq=40, replay_warmup=0, policy_lrate=0.0001, value_lrate=0.0001, mixer_lrate=None, target=True, target_lr=0.1, entr=0.001, max_steps=240, batch_size=32, replay=True, replay_buffer_size=5000.0, agent_type='rnn', agent_id=True, shared_params=True, layernorm=True, mixer=False, gaussian_policy=False, LOG_STD_MIN=0.0, LOG_STD_MAX=0.5, fixed_policy_std=1.0, hid_activation='relu', init_type='normal', init_std=0.1, action_enforcebound=True, double_q=True, clip_c=1.0, gamma=0.99, hid_size=64, continuous=True, normalize_advantages=True, train_episodes_num=400, behaviour_update_freq=240, target_update_freq=480, policy_update_epochs=10, value_update_epochs=10, mixer_update_epochs=None, reward_normalisation=True, eval_freq=20, num_eval_episodes=10, lambda_=0.95, eps_clip=0.6, value_loss_coef=2.0, action_scale=0.6, action_bias=0.0, agent_num=22, obs_size=102, action_dim=1)

Episode terminated at time: 240 with return: -47.8516.
Episode terminated at time: 240 with return: -42.5849.
Episode terminated at time: 240 with return: -41.5856.
Episode terminated at time: 240 with return: -44.5650.
Episode terminated at time: 240 with return: -54.3776.
Episode terminated at time: 240 with return: -47.6701.
Episode terminated at time: 240 with return: -50.7559.
Episode terminated at time: 240 with return: -56.6538.
Episode terminated at time: 240 with return: -59.5999.
Episode terminated at time: 240 with return: -63.3010.
Episode terminated at time: 240 with return: -61.5363.
The power flow for the reactive power penetration cannot be solved.
Episode terminated at time: 109 with return: -222.5203.
Episode terminated at time: 240 with return: -51.0183.
Episode terminated at time: 240 with return: -62.1510.
Episode terminated at time: 240 with return: -45.6062.
The power flow for the reactive power penetration cannot be solved.
Episode terminated at time: 184 with return: -236.4291.
Episode terminated at time: 240 with return: -58.5904.
Episode terminated at time: 240 with return: -49.3113.
Episode terminated at time: 240 with return: -43.9479.
Episode terminated at time: 240 with return: -47.1691.
Episode terminated at time: 240 with return: -59.7843.
Episode terminated at time: 240 with return: -44.2030.
Episode terminated at time: 240 with return: -57.2387.
Episode terminated at time: 240 with return: -48.5474.
Episode terminated at time: 240 with return: -47.4038.
Episode terminated at time: 240 with return: -56.7093.
The power flow for the reactive power penetration cannot be solved.
Episode terminated at time: 180 with return: -234.3957.
Episode terminated at time: 240 with return: -51.9377.
Episode terminated at time: 240 with return: -57.3797.
Episode terminated at time: 240 with return: -47.6649.
Episode terminated at time: 240 with return: -41.2114.
Episode terminated at time: 240 with return: -39.2275.
Episode terminated at time: 240 with return: -43.5729.
Episode terminated at time: 240 with return: -32.5608.
Episode terminated at time: 240 with return: -46.7574.
Episode terminated at time: 240 with return: -33.0592.
Episode terminated at time: 240 with return: -40.9204.
Episode terminated at time: 240 with return: -31.5278.
Episode terminated at time: 240 with return: -28.5024.
Episode terminated at time: 240 with return: -31.4136.
Episode terminated at time: 240 with return: -54.6619.
Episode terminated at time: 240 with return: -53.9259.
Episode terminated at time: 240 with return: -55.1002.
The power flow for the reactive power penetration cannot be solved.
Episode terminated at time: 201 with return: -243.0348.
Episode terminated at time: 240 with return: -44.5959.
Episode terminated at time: 240 with return: -56.7644.
Episode terminated at time: 240 with return: -45.4859.
Episode terminated at time: 240 with return: -47.9040.
Episode terminated at time: 240 with return: -47.7990.
Episode terminated at time: 240 with return: -58.1315.
Episode terminated at time: 240 with return: -45.0461.
Episode terminated at time: 240 with return: -43.9379.
Episode terminated at time: 240 with return: -44.3271.
Episode terminated at time: 240 with return: -48.3827.
Episode terminated at time: 240 with return: -45.4674.
Episode terminated at time: 240 with return: -54.9864.
The power flow for the reactive power penetration cannot be solved.
Episode terminated at time: 234 with return: -250.9936.
Episode terminated at time: 240 with return: -55.6671.
Episode terminated at time: 240 with return: -46.6613.
Episode terminated at time: 240 with return: -44.6951.
Episode terminated at time: 240 with return: -39.8226.
Episode terminated at time: 240 with return: -35.0501.
Episode terminated at time: 240 with return: -34.4295.
Episode terminated at time: 240 with return: -35.0545.
Episode terminated at time: 240 with return: -41.9502.
Episode terminated at time: 240 with return: -35.6614.
Episode terminated at time: 240 with return: -40.4124.
Episode terminated at time: 240 with return: -36.1712.
Episode terminated at time: 240 with return: -40.7656.
Episode terminated at time: 240 with return: -38.8065.

Episode: 40
mean_train_value_grad_norm: 1.6165
mean_train_value_loss: 2.0217
mean_train_entropy: 1.4189
mean_train_policy_grad_norm: 0.0215
mean_train_policy_loss: 0.0476
mean_train_reward: -0.1870
mean_train_percentage_of_v_out_of_control: 0.1452
mean_train_percentage_of_lower_than_lower_v: 0.0900
mean_train_percentage_of_higher_than_upper_v: 0.0551
mean_train_totally_controllable_ratio: 0.5816
mean_train_average_voltage_deviation: 0.0261
mean_train_average_voltage: 0.9977
mean_train_max_voltage_drop_deviation: 0.0072
mean_train_max_voltage_rise_deviation: 0.0055
mean_train_total_line_loss: 1.4562
mean_train_q_loss: 1.6095
mean_train_destroy: 0.0000
mean_train_ns_A: 0.0905
mean_train_ns_hour: 8.0172
mean_train_ns_load: 0.0320
mean_train_ns_load_frac: 0.0533
mean_train_ns_y: -0.0156
mean_train_ns_sat: 0.0139
mean_train_ns_clipped: 0.0004
mean_train_ns_x_std: 0.0163
mean_train_ns_q_exec_abs: 1.6095
mean_train_ns_q_cmd_abs: 1.6136
mean_train_ns_resid_after: 0.0320
mean_test_reward: -0.1582
mean_test_percentage_of_v_out_of_control: 0.1652
mean_test_percentage_of_lower_than_lower_v: 0.0747
mean_test_percentage_of_higher_than_upper_v: 0.0905
mean_test_totally_controllable_ratio: 0.6682
mean_test_average_voltage_deviation: 0.0310
mean_test_average_voltage: 1.0124
mean_test_max_voltage_drop_deviation: 0.0048
mean_test_max_voltage_rise_deviation: 0.0090
mean_test_total_line_loss: 2.2899
mean_test_q_loss: 1.2725
mean_test_destroy: 0.0000
mean_test_ns_A: 0.2366
mean_test_ns_hour: 11.6408
mean_test_ns_load: 0.0935
mean_test_ns_load_frac: 0.1558
mean_test_ns_y: -0.0342
mean_test_ns_sat: 0.0998
mean_test_ns_clipped: 0.0002
mean_test_ns_x_std: 0.0136
mean_test_ns_q_exec_abs: 1.2725
mean_test_ns_q_cmd_abs: 1.2692
mean_test_ns_resid_after: 0.0935
The model is saved!

Episode terminated at time: 240 with return: -45.2394.
The power flow for the reactive power penetration cannot be solved.
Episode terminated at time: 46 with return: -209.7416.
Episode terminated at time: 240 with return: -44.8977.
Episode terminated at time: 240 with return: -45.2813.
Episode terminated at time: 240 with return: -47.8335.
Episode terminated at time: 240 with return: -50.8207.
Episode terminated at time: 240 with return: -53.8405.
Episode terminated at time: 240 with return: -46.2608.
Episode terminated at time: 240 with return: -55.0685.
Episode terminated at time: 240 with return: -54.7377.
Episode terminated at time: 240 with return: -46.4687.
Episode terminated at time: 240 with return: -50.3155.
Episode terminated at time: 240 with return: -44.2263.
Episode terminated at time: 240 with return: -45.5886.
Episode terminated at time: 240 with return: -45.1647.
Episode terminated at time: 240 with return: -45.0569.
Episode terminated at time: 240 with return: -49.4970.
Episode terminated at time: 240 with return: -47.5162.
Episode terminated at time: 240 with return: -43.8532.
Episode terminated at time: 240 with return: -44.7780.
Episode terminated at time: 240 with return: -31.3227.
Episode terminated at time: 240 with return: -29.7584.
Episode terminated at time: 240 with return: -34.0282.
Episode terminated at time: 240 with return: -31.3534.
Episode terminated at time: 240 with return: -39.8256.
Episode terminated at time: 240 with return: -33.6403.
Episode terminated at time: 240 with return: -42.8320.
Episode terminated at time: 240 with return: -45.8847.
Episode terminated at time: 240 with return: -29.3739.
Episode terminated at time: 240 with return: -47.3506.
Episode terminated at time: 240 with return: -52.0631.
Episode terminated at time: 240 with return: -50.1837.
Episode terminated at time: 240 with return: -48.7154.
Episode terminated at time: 240 with return: -52.9040.
Episode terminated at time: 240 with return: -45.0801.
Episode terminated at time: 240 with return: -55.9607.
Episode terminated at time: 240 with return: -46.5547.
Episode terminated at time: 240 with return: -44.4004.
Episode terminated at time: 240 with return: -47.3675.
Episode terminated at time: 240 with return: -55.4128.
Episode terminated at time: 240 with return: -44.9408.
Episode terminated at time: 240 with return: -45.2669.
Episode terminated at time: 240 with return: -56.4560.
Episode terminated at time: 240 with return: -52.3087.
Episode terminated at time: 240 with return: -53.2664.
Episode terminated at time: 240 with return: -44.7710.
Episode terminated at time: 240 with return: -46.9933.
Episode terminated at time: 240 with return: -45.7183.
Episode terminated at time: 240 with return: -45.2622.
Episode terminated at time: 240 with return: -45.4995.
Episode terminated at time: 240 with return: -27.5872.
Episode terminated at time: 240 with return: -42.1840.
Episode terminated at time: 240 with return: -32.5528.
Episode terminated at time: 240 with return: -32.0431.
Episode terminated at time: 240 with return: -34.5994.
Episode terminated at time: 240 with return: -27.9521.
Episode terminated at time: 240 with return: -42.1539.
Episode terminated at time: 240 with return: -29.0837.
Episode terminated at time: 240 with return: -34.3131.
Episode terminated at time: 240 with return: -39.5342.

Episode: 80
mean_train_value_grad_norm: 1.9976
mean_train_value_loss: 2.0366
mean_train_entropy: 1.4189
mean_train_policy_grad_norm: 0.0423
mean_train_policy_loss: 0.0550
mean_train_reward: -0.1904
mean_train_percentage_of_v_out_of_control: 0.1646
mean_train_percentage_of_lower_than_lower_v: 0.0797
mean_train_percentage_of_higher_than_upper_v: 0.0849
mean_train_totally_controllable_ratio: 0.5523
mean_train_average_voltage_deviation: 0.0285
mean_train_average_voltage: 1.0002
mean_train_max_voltage_drop_deviation: 0.0068
mean_train_max_voltage_rise_deviation: 0.0094
mean_train_total_line_loss: 1.6905
mean_train_q_loss: 1.6192
mean_train_destroy: 0.0000
mean_train_ns_A: 0.1408
mean_train_ns_hour: 7.2609
mean_train_ns_load: 0.0617
mean_train_ns_load_frac: 0.1028
mean_train_ns_y: -0.0169
mean_train_ns_sat: 0.0687
mean_train_ns_clipped: 0.0065
mean_train_ns_x_std: 0.0164
mean_train_ns_q_exec_abs: 1.6192
mean_train_ns_q_cmd_abs: 1.6097
mean_train_ns_resid_after: 0.0615
mean_test_reward: -0.1431
mean_test_percentage_of_v_out_of_control: 0.1628
mean_test_percentage_of_lower_than_lower_v: 0.0546
mean_test_percentage_of_higher_than_upper_v: 0.1082
mean_test_totally_controllable_ratio: 0.7715
mean_test_average_voltage_deviation: 0.0302
mean_test_average_voltage: 1.0054
mean_test_max_voltage_drop_deviation: 0.0041
mean_test_max_voltage_rise_deviation: 0.0116
mean_test_total_line_loss: 2.0532
mean_test_q_loss: 1.1291
mean_test_destroy: 0.0000
mean_test_ns_A: 0.2289
mean_test_ns_hour: 12.8668
mean_test_ns_load: 0.0960
mean_test_ns_load_frac: 0.1600
mean_test_ns_y: -0.0269
mean_test_ns_sat: 0.1155
mean_test_ns_clipped: 0.0000
mean_test_ns_x_std: 0.0120
mean_test_ns_q_exec_abs: 1.1291
mean_test_ns_q_cmd_abs: 1.0552
mean_test_ns_resid_after: 0.0960
The model is saved!

Episode terminated at time: 240 with return: -45.2609.
Episode terminated at time: 240 with return: -45.9809.
Episode terminated at time: 240 with return: -47.5136.
The power flow for the reactive power penetration cannot be solved.
Episode terminated at time: 143 with return: -228.1566.
Episode terminated at time: 240 with return: -52.0387.
Episode terminated at time: 240 with return: -44.5916.
Episode terminated at time: 240 with return: -57.2244.
Episode terminated at time: 240 with return: -55.9533.
Episode terminated at time: 240 with return: -45.8623.
Episode terminated at time: 240 with return: -45.6297.
Episode terminated at time: 240 with return: -58.4799.
Episode terminated at time: 240 with return: -58.2653.
Episode terminated at time: 240 with return: -56.2768.
Episode terminated at time: 240 with return: -47.9977.
Episode terminated at time: 240 with return: -44.7096.
The power flow for the reactive power penetration cannot be solved.
Episode terminated at time: 146 with return: -228.7546.
Episode terminated at time: 240 with return: -44.5744.
Episode terminated at time: 240 with return: -56.1622.
Episode terminated at time: 240 with return: -44.9701.
Episode terminated at time: 240 with return: -56.3514.
Episode terminated at time: 240 with return: -39.4639.
Episode terminated at time: 240 with return: -34.6992.
Episode terminated at time: 240 with return: -44.0907.
Episode terminated at time: 240 with return: -31.8999.
Episode terminated at time: 240 with return: -34.0595.
Episode terminated at time: 240 with return: -33.5210.
Episode terminated at time: 240 with return: -34.3950.
Episode terminated at time: 240 with return: -33.7677.
Episode terminated at time: 240 with return: -35.5944.
Episode terminated at time: 240 with return: -33.9911.
Episode terminated at time: 240 with return: -59.0924.
Episode terminated at time: 240 with return: -53.8104.
Episode terminated at time: 240 with return: -44.7464.
Episode terminated at time: 240 with return: -48.4984.
Episode terminated at time: 240 with return: -54.8052.
Episode terminated at time: 240 with return: -54.1173.
Episode terminated at time: 240 with return: -54.3100.
Episode terminated at time: 240 with return: -45.6974.
Episode terminated at time: 240 with return: -54.0334.
Episode terminated at time: 240 with return: -56.1573.
Episode terminated at time: 240 with return: -55.7183.
Episode terminated at time: 240 with return: -54.2639.
Episode terminated at time: 240 with return: -44.1693.
Episode terminated at time: 240 with return: -50.7738.
Episode terminated at time: 240 with return: -46.4183.
Episode terminated at time: 240 with return: -44.2266.
Episode terminated at time: 240 with return: -57.7687.
Episode terminated at time: 240 with return: -45.5383.
Episode terminated at time: 240 with return: -49.9078.
Episode terminated at time: 240 with return: -47.5247.
Episode terminated at time: 240 with return: -47.5171.
Episode terminated at time: 240 with return: -29.7753.
Episode terminated at time: 240 with return: -41.7993.
Episode terminated at time: 240 with return: -29.6203.
Episode terminated at time: 240 with return: -29.5627.
Episode terminated at time: 240 with return: -30.9226.
Episode terminated at time: 240 with return: -42.5547.
Episode terminated at time: 240 with return: -46.6770.
Episode terminated at time: 240 with return: -33.0315.
Episode terminated at time: 240 with return: -31.3660.

Episode: 120
mean_train_value_grad_norm: 3.4247
mean_train_value_loss: 1.1618
mean_train_entropy: 1.4189
mean_train_policy_grad_norm: 0.0328
mean_train_policy_loss: 0.0535
mean_train_reward: -0.1988
mean_train_percentage_of_v_out_of_control: 0.2599
mean_train_percentage_of_lower_than_lower_v: 0.1571
mean_train_percentage_of_higher_than_upper_v: 0.1029
mean_train_totally_controllable_ratio: 0.4100
mean_train_average_voltage_deviation: 0.0378
mean_train_average_voltage: 0.9921
mean_train_max_voltage_drop_deviation: 0.0113
mean_train_max_voltage_rise_deviation: 0.0127
mean_train_total_line_loss: 2.0178
mean_train_q_loss: 1.6101
mean_train_destroy: 0.0000
mean_train_ns_A: 0.1195
mean_train_ns_hour: 16.3362
mean_train_ns_load: 0.0541
mean_train_ns_load_frac: 0.0901
mean_train_ns_y: -0.0152
mean_train_ns_sat: 0.0521
mean_train_ns_clipped: 0.0048
mean_train_ns_x_std: 0.0163
mean_train_ns_q_exec_abs: 1.6101
mean_train_ns_q_cmd_abs: 1.5887
mean_train_ns_resid_after: 0.0538
mean_test_reward: -0.1518
mean_test_percentage_of_v_out_of_control: 0.2266
mean_test_percentage_of_lower_than_lower_v: 0.0035
mean_test_percentage_of_higher_than_upper_v: 0.2232
mean_test_totally_controllable_ratio: 0.6473
mean_test_average_voltage_deviation: 0.0377
mean_test_average_voltage: 1.0316
mean_test_max_voltage_drop_deviation: 0.0002
mean_test_max_voltage_rise_deviation: 0.0260
mean_test_total_line_loss: 2.5096
mean_test_q_loss: 1.1410
mean_test_destroy: 0.0000
mean_test_ns_A: 0.2284
mean_test_ns_hour: 12.7829
mean_test_ns_load: 0.0944
mean_test_ns_load_frac: 0.1573
mean_test_ns_y: -0.0260
mean_test_ns_sat: 0.1213
mean_test_ns_clipped: 0.0000
mean_test_ns_x_std: 0.0122
mean_test_ns_q_exec_abs: 1.1410
mean_test_ns_q_cmd_abs: 1.0587
mean_test_ns_resid_after: 0.0944
The model is saved!

Episode terminated at time: 240 with return: -47.5776.
Episode terminated at time: 240 with return: -46.0699.
Episode terminated at time: 240 with return: -44.1536.
Episode terminated at time: 240 with return: -45.3881.
Episode terminated at time: 240 with return: -52.7779.
Episode terminated at time: 240 with return: -47.1352.
Episode terminated at time: 240 with return: -55.9158.
Episode terminated at time: 240 with return: -44.4915.
Episode terminated at time: 240 with return: -44.3063.
Episode terminated at time: 240 with return: -45.4624.
Episode terminated at time: 240 with return: -55.8720.
Episode terminated at time: 240 with return: -45.8111.
The power flow for the reactive power penetration cannot be solved.
Episode terminated at time: 163 with return: -236.0323.
Episode terminated at time: 240 with return: -45.9186.
Episode terminated at time: 240 with return: -59.0496.
The power flow for the reactive power penetration cannot be solved.
Episode terminated at time: 215 with return: -246.2958.
Episode terminated at time: 240 with return: -44.3221.
Episode terminated at time: 240 with return: -53.9137.
Episode terminated at time: 240 with return: -55.3578.
Episode terminated at time: 240 with return: -45.1418.
Episode terminated at time: 240 with return: -36.7080.
Episode terminated at time: 240 with return: -43.3851.
Episode terminated at time: 240 with return: -29.1162.
Episode terminated at time: 240 with return: -36.7658.
Episode terminated at time: 240 with return: -33.8487.
Episode terminated at time: 240 with return: -33.6238.
Episode terminated at time: 240 with return: -37.7162.
Episode terminated at time: 240 with return: -31.1728.
Episode terminated at time: 240 with return: -30.4423.
Episode terminated at time: 240 with return: -30.8417.
Episode terminated at time: 240 with return: -45.3705.
Episode terminated at time: 240 with return: -44.7664.
Episode terminated at time: 240 with return: -55.5796.
Episode terminated at time: 240 with return: -45.2225.
Episode terminated at time: 240 with return: -51.5498.
Episode terminated at time: 240 with return: -50.9915.
Episode terminated at time: 240 with return: -54.4648.
Episode terminated at time: 240 with return: -45.0093.
Episode terminated at time: 240 with return: -45.2969.
Episode terminated at time: 240 with return: -55.2690.
Episode terminated at time: 240 with return: -46.4805.
Episode terminated at time: 240 with return: -46.6430.
Episode terminated at time: 240 with return: -45.6484.
The power flow for the reactive power penetration cannot be solved.
Episode terminated at time: 45 with return: -212.3788.
Episode terminated at time: 240 with return: -46.3506.
Episode terminated at time: 240 with return: -54.1920.
Episode terminated at time: 240 with return: -54.0593.
Episode terminated at time: 240 with return: -45.2865.
Episode terminated at time: 240 with return: -45.8958.
Episode terminated at time: 240 with return: -45.5733.
Episode terminated at time: 240 with return: -38.7535.
Episode terminated at time: 240 with return: -40.0973.
Episode terminated at time: 240 with return: -48.0963.
Episode terminated at time: 240 with return: -29.1674.
Episode terminated at time: 240 with return: -31.5908.
Episode terminated at time: 240 with return: -38.8408.
Episode terminated at time: 240 with return: -31.1534.
Episode terminated at time: 240 with return: -29.4693.
Episode terminated at time: 240 with return: -36.5463.
Episode terminated at time: 240 with return: -31.2838.

Episode: 160
mean_train_value_grad_norm: 1.6974
mean_train_value_loss: 1.8653
mean_train_entropy: 1.4189
mean_train_policy_grad_norm: 0.0211
mean_train_policy_loss: 0.0500
mean_train_reward: -0.1907
mean_train_percentage_of_v_out_of_control: 0.2312
mean_train_percentage_of_lower_than_lower_v: 0.1325
mean_train_percentage_of_higher_than_upper_v: 0.0987
mean_train_totally_controllable_ratio: 0.4226
mean_train_average_voltage_deviation: 0.0331
mean_train_average_voltage: 0.9927
mean_train_max_voltage_drop_deviation: 0.0105
mean_train_max_voltage_rise_deviation: 0.0093
mean_train_total_line_loss: 1.5144
mean_train_q_loss: 1.5758
mean_train_destroy: 0.0000
mean_train_ns_A: 0.0349
mean_train_ns_hour: 14.7228
mean_train_ns_load: 0.0089
mean_train_ns_load_frac: 0.0148
mean_train_ns_y: -0.0071
mean_train_ns_sat: 0.0000
mean_train_ns_clipped: 0.0000
mean_train_ns_x_std: 0.0158
mean_train_ns_q_exec_abs: 1.5758
mean_train_ns_q_cmd_abs: 1.5855
mean_train_ns_resid_after: 0.0089
mean_test_reward: -0.1485
mean_test_percentage_of_v_out_of_control: 0.1555
mean_test_percentage_of_lower_than_lower_v: 0.0167
mean_test_percentage_of_higher_than_upper_v: 0.1388
mean_test_totally_controllable_ratio: 0.7494
mean_test_average_voltage_deviation: 0.0318
mean_test_average_voltage: 1.0233
mean_test_max_voltage_drop_deviation: 0.0008
mean_test_max_voltage_rise_deviation: 0.0177
mean_test_total_line_loss: 2.2594
mean_test_q_loss: 1.1671
mean_test_destroy: 0.0000
mean_test_ns_A: 0.2229
mean_test_ns_hour: 12.2347
mean_test_ns_load: 0.0903
mean_test_ns_load_frac: 0.1506
mean_test_ns_y: -0.0284
mean_test_ns_sat: 0.1039
mean_test_ns_clipped: 0.0000
mean_test_ns_x_std: 0.0125
mean_test_ns_q_exec_abs: 1.1671
mean_test_ns_q_cmd_abs: 1.1251
mean_test_ns_resid_after: 0.0903
The model is saved!

Episode terminated at time: 240 with return: -55.5634.
Episode terminated at time: 240 with return: -54.2920.
Episode terminated at time: 240 with return: -44.5011.
The power flow for the reactive power penetration cannot be solved.
Episode terminated at time: 154 with return: -234.7362.
Episode terminated at time: 240 with return: -43.9995.
Episode terminated at time: 240 with return: -45.4995.
Episode terminated at time: 240 with return: -54.5348.
Episode terminated at time: 240 with return: -45.1251.
Episode terminated at time: 240 with return: -47.1943.
Episode terminated at time: 240 with return: -52.9034.
Episode terminated at time: 240 with return: -57.8972.
Episode terminated at time: 240 with return: -55.8352.
Episode terminated at time: 240 with return: -54.4995.
Episode terminated at time: 240 with return: -44.7922.
Episode terminated at time: 240 with return: -52.3760.
Episode terminated at time: 240 with return: -43.2312.
Episode terminated at time: 240 with return: -47.5831.
Episode terminated at time: 240 with return: -43.5407.
Episode terminated at time: 240 with return: -47.8213.
Episode terminated at time: 240 with return: -46.6420.
Episode terminated at time: 240 with return: -37.5926.
Episode terminated at time: 240 with return: -33.9713.
Episode terminated at time: 240 with return: -35.5415.
Episode terminated at time: 240 with return: -31.4029.
Episode terminated at time: 240 with return: -44.0936.
Episode terminated at time: 240 with return: -36.7425.
Episode terminated at time: 240 with return: -35.9175.
Episode terminated at time: 240 with return: -39.6159.
Episode terminated at time: 240 with return: -38.0866.
Episode terminated at time: 240 with return: -34.0109.
Episode terminated at time: 240 with return: -46.1193.
Episode terminated at time: 240 with return: -52.8498.
Episode terminated at time: 240 with return: -54.9829.
Episode terminated at time: 240 with return: -48.2931.
Episode terminated at time: 240 with return: -45.4616.
Episode terminated at time: 240 with return: -47.0593.
Episode terminated at time: 240 with return: -45.4123.
The power flow for the reactive power penetration cannot be solved.
Episode terminated at time: 38 with return: -210.8374.
Episode terminated at time: 240 with return: -44.4128.
Episode terminated at time: 240 with return: -58.8429.
Episode terminated at time: 240 with return: -53.8117.
Episode terminated at time: 240 with return: -56.8816.
Episode terminated at time: 240 with return: -50.1690.
Episode terminated at time: 240 with return: -48.0714.
Episode terminated at time: 240 with return: -54.3311.
Episode terminated at time: 240 with return: -45.2333.
Episode terminated at time: 240 with return: -52.1328.
Episode terminated at time: 240 with return: -53.7528.
Episode terminated at time: 240 with return: -51.1069.
Episode terminated at time: 240 with return: -54.0446.
Episode terminated at time: 240 with return: -31.5820.
Episode terminated at time: 240 with return: -35.9420.
Episode terminated at time: 240 with return: -45.7411.
Episode terminated at time: 240 with return: -36.8144.
Episode terminated at time: 240 with return: -32.2991.
Episode terminated at time: 240 with return: -35.0846.
Episode terminated at time: 240 with return: -31.8656.
Episode terminated at time: 240 with return: -31.1647.
Episode terminated at time: 240 with return: -43.5372.
Episode terminated at time: 240 with return: -29.5795.

Episode: 200
mean_train_value_grad_norm: 6.0316
mean_train_value_loss: 1.2615
mean_train_entropy: 1.4189
mean_train_policy_grad_norm: 0.0319
mean_train_policy_loss: 0.0568
mean_train_reward: -0.2261
mean_train_percentage_of_v_out_of_control: 0.4204
mean_train_percentage_of_lower_than_lower_v: 0.2224
mean_train_percentage_of_higher_than_upper_v: 0.1980
mean_train_totally_controllable_ratio: 0.2887
mean_train_average_voltage_deviation: 0.0546
mean_train_average_voltage: 0.9951
mean_train_max_voltage_drop_deviation: 0.0227
mean_train_max_voltage_rise_deviation: 0.0246
mean_train_total_line_loss: 3.5435
mean_train_q_loss: 1.7151
mean_train_destroy: 0.0000
mean_train_ns_A: 0.5001
mean_train_ns_hour: 13.0000
mean_train_ns_load: 0.2090
mean_train_ns_load_frac: 0.3483
mean_train_ns_y: -0.0421
mean_train_ns_sat: 0.2885
mean_train_ns_clipped: 0.0192
mean_train_ns_x_std: 0.0191
mean_train_ns_q_exec_abs: 1.7151
mean_train_ns_q_cmd_abs: 1.5944
mean_train_ns_resid_after: 0.2085
mean_test_reward: -0.1480
mean_test_percentage_of_v_out_of_control: 0.1866
mean_test_percentage_of_lower_than_lower_v: 0.0254
mean_test_percentage_of_higher_than_upper_v: 0.1612
mean_test_totally_controllable_ratio: 0.7126
mean_test_average_voltage_deviation: 0.0327
mean_test_average_voltage: 1.0206
mean_test_max_voltage_drop_deviation: 0.0012
mean_test_max_voltage_rise_deviation: 0.0170
mean_test_total_line_loss: 2.1590
mean_test_q_loss: 1.1522
mean_test_destroy: 0.0000
mean_test_ns_A: 0.2322
mean_test_ns_hour: 12.0109
mean_test_ns_load: 0.0906
mean_test_ns_load_frac: 0.1509
mean_test_ns_y: -0.0315
mean_test_ns_sat: 0.0977
mean_test_ns_clipped: 0.0000
mean_test_ns_x_std: 0.0123
mean_test_ns_q_exec_abs: 1.1522
mean_test_ns_q_cmd_abs: 1.1370
mean_test_ns_resid_after: 0.0906
The model is saved!

Episode terminated at time: 240 with return: -46.4617.
The power flow for the reactive power penetration cannot be solved.
Episode terminated at time: 152 with return: -230.4134.
Episode terminated at time: 240 with return: -45.2645.
Episode terminated at time: 240 with return: -55.1393.
The power flow for the reactive power penetration cannot be solved.
Episode terminated at time: 73 with return: -221.6772.
Episode terminated at time: 240 with return: -54.3836.
Episode terminated at time: 240 with return: -44.8236.
Episode terminated at time: 240 with return: -44.9475.
Episode terminated at time: 240 with return: -51.0925.
Episode terminated at time: 240 with return: -43.6367.
Episode terminated at time: 240 with return: -55.0675.
Episode terminated at time: 240 with return: -54.4793.
Episode terminated at time: 240 with return: -44.3672.
Episode terminated at time: 240 with return: -54.0767.
Episode terminated at time: 240 with return: -44.5451.
Episode terminated at time: 240 with return: -51.8444.
Episode terminated at time: 240 with return: -44.3400.
Episode terminated at time: 240 with return: -44.9168.
Episode terminated at time: 240 with return: -54.4164.
Episode terminated at time: 240 with return: -44.7764.
Episode terminated at time: 240 with return: -32.9954.
Episode terminated at time: 240 with return: -29.8436.
Episode terminated at time: 240 with return: -39.8491.
Episode terminated at time: 240 with return: -31.4665.
Episode terminated at time: 240 with return: -30.7921.
Episode terminated at time: 240 with return: -31.4662.
Episode terminated at time: 240 with return: -33.0644.
Episode terminated at time: 240 with return: -30.9465.
Episode terminated at time: 240 with return: -39.4500.
Episode terminated at time: 240 with return: -43.7464.
Episode terminated at time: 240 with return: -45.8115.
Episode terminated at time: 240 with return: -48.1980.
Episode terminated at time: 240 with return: -49.7723.
The power flow for the reactive power penetration cannot be solved.
Episode terminated at time: 13 with return: -203.8209.
Episode terminated at time: 240 with return: -53.0237.
Episode terminated at time: 240 with return: -45.1003.
Episode terminated at time: 240 with return: -45.1230.
Episode terminated at time: 240 with return: -58.7566.
The power flow for the reactive power penetration cannot be solved.
Episode terminated at time: 22 with return: -204.7063.
Episode terminated at time: 240 with return: -44.5572.
Episode terminated at time: 240 with return: -50.4336.
Episode terminated at time: 240 with return: -56.0560.
Episode terminated at time: 240 with return: -49.4160.
Episode terminated at time: 240 with return: -46.0380.
Episode terminated at time: 240 with return: -46.4767.
Episode terminated at time: 240 with return: -46.2934.
Episode terminated at time: 240 with return: -44.3686.
Episode terminated at time: 240 with return: -45.1000.
The power flow for the reactive power penetration cannot be solved.
Episode terminated at time: 97 with return: -223.3908.
Episode terminated at time: 240 with return: -53.3792.
Episode terminated at time: 240 with return: -38.4663.
Episode terminated at time: 240 with return: -30.4116.
Episode terminated at time: 240 with return: -39.3104.
Episode terminated at time: 240 with return: -29.5849.
Episode terminated at time: 240 with return: -34.2557.
Episode terminated at time: 240 with return: -30.9598.
Episode terminated at time: 240 with return: -35.4338.
Episode terminated at time: 240 with return: -33.9199.
Episode terminated at time: 240 with return: -32.4560.
Episode terminated at time: 240 with return: -41.1281.

Episode: 240
mean_train_value_grad_norm: 2.9387
mean_train_value_loss: 1.6681
mean_train_entropy: 1.4189
mean_train_policy_grad_norm: 0.0507
mean_train_policy_loss: 0.0456
mean_train_reward: -0.2233
mean_train_percentage_of_v_out_of_control: 0.3552
mean_train_percentage_of_lower_than_lower_v: 0.1115
mean_train_percentage_of_higher_than_upper_v: 0.2438
mean_train_totally_controllable_ratio: 0.3891
mean_train_average_voltage_deviation: 0.0511
mean_train_average_voltage: 1.0184
mean_train_max_voltage_drop_deviation: 0.0095
mean_train_max_voltage_rise_deviation: 0.0338
mean_train_total_line_loss: 3.7742
mean_train_q_loss: 1.7226
mean_train_destroy: 0.0000
mean_train_ns_A: 0.4233
mean_train_ns_hour: 8.3500
mean_train_ns_load: 0.1917
mean_train_ns_load_frac: 0.3194
mean_train_ns_y: -0.0221
mean_train_ns_sat: 0.3189
mean_train_ns_clipped: 0.0302
mean_train_ns_x_std: 0.0188
mean_train_ns_q_exec_abs: 1.7226
mean_train_ns_q_cmd_abs: 1.5645
mean_train_ns_resid_after: 0.1905
mean_test_reward: -0.1447
mean_test_percentage_of_v_out_of_control: 0.2035
mean_test_percentage_of_lower_than_lower_v: 0.0319
mean_test_percentage_of_higher_than_upper_v: 0.1716
mean_test_totally_controllable_ratio: 0.6849
mean_test_average_voltage_deviation: 0.0343
mean_test_average_voltage: 1.0233
mean_test_max_voltage_drop_deviation: 0.0022
mean_test_max_voltage_rise_deviation: 0.0182
mean_test_total_line_loss: 2.1216
mean_test_q_loss: 1.1040
mean_test_destroy: 0.0000
mean_test_ns_A: 0.2652
mean_test_ns_hour: 11.6498
mean_test_ns_load: 0.1019
mean_test_ns_load_frac: 0.1699
mean_test_ns_y: -0.0368
mean_test_ns_sat: 0.1037
mean_test_ns_clipped: 0.0000
mean_test_ns_x_std: 0.0117
mean_test_ns_q_exec_abs: 1.1040
mean_test_ns_q_cmd_abs: 1.0991
mean_test_ns_resid_after: 0.1019
The model is saved!

Episode terminated at time: 240 with return: -44.3748.
Episode terminated at time: 240 with return: -56.3968.
Episode terminated at time: 240 with return: -44.8566.
Episode terminated at time: 240 with return: -47.5309.
Episode terminated at time: 240 with return: -47.5564.
Episode terminated at time: 240 with return: -44.2533.
Episode terminated at time: 240 with return: -53.8809.
Episode terminated at time: 240 with return: -45.1602.
Episode terminated at time: 240 with return: -49.7280.
Episode terminated at time: 240 with return: -45.0166.
Episode terminated at time: 240 with return: -44.7781.
Episode terminated at time: 240 with return: -53.7559.
The power flow for the reactive power penetration cannot be solved.
Episode terminated at time: 71 with return: -220.4263.
Episode terminated at time: 240 with return: -45.2219.
Episode terminated at time: 240 with return: -44.4477.
Episode terminated at time: 240 with return: -44.4865.
Episode terminated at time: 240 with return: -56.6654.
Episode terminated at time: 240 with return: -44.2301.
Episode terminated at time: 240 with return: -53.0194.
Episode terminated at time: 240 with return: -50.5891.
Episode terminated at time: 240 with return: -34.1131.
Episode terminated at time: 240 with return: -37.7374.
Episode terminated at time: 240 with return: -40.4926.
Episode terminated at time: 240 with return: -34.9643.
Episode terminated at time: 240 with return: -41.7699.
Episode terminated at time: 240 with return: -40.5007.
Episode terminated at time: 240 with return: -42.6192.
Episode terminated at time: 240 with return: -33.3776.
Episode terminated at time: 240 with return: -42.7705.
Episode terminated at time: 240 with return: -34.3698.
Episode terminated at time: 240 with return: -55.1530.
Episode terminated at time: 240 with return: -45.1457.
Episode terminated at time: 240 with return: -44.4572.
Episode terminated at time: 240 with return: -55.6933.
Episode terminated at time: 240 with return: -53.2931.
Episode terminated at time: 240 with return: -43.6477.
The power flow for the reactive power penetration cannot be solved.
Episode terminated at time: 88 with return: -217.9213.
Episode terminated at time: 240 with return: -43.5444.
Episode terminated at time: 240 with return: -54.3901.
Episode terminated at time: 240 with return: -56.9628.
Episode terminated at time: 240 with return: -45.7939.
The power flow for the reactive power penetration cannot be solved.
Episode terminated at time: 6 with return: -201.4221.
Episode terminated at time: 240 with return: -45.1259.
Episode terminated at time: 240 with return: -46.4957.
Episode terminated at time: 240 with return: -50.4201.
Episode terminated at time: 240 with return: -49.2138.
Episode terminated at time: 240 with return: -54.3101.
The power flow for the reactive power penetration cannot be solved.
Episode terminated at time: 30 with return: -208.5743.
Episode terminated at time: 240 with return: -52.3730.
Episode terminated at time: 240 with return: -45.0275.
Episode terminated at time: 240 with return: -28.5104.
Episode terminated at time: 240 with return: -26.4067.
Episode terminated at time: 240 with return: -39.4599.
Episode terminated at time: 240 with return: -27.5354.
Episode terminated at time: 240 with return: -28.1168.
Episode terminated at time: 240 with return: -26.8474.
Episode terminated at time: 240 with return: -35.0194.
Episode terminated at time: 240 with return: -34.3539.
Episode terminated at time: 240 with return: -24.6220.
Episode terminated at time: 240 with return: -37.6271.

Episode: 280
mean_train_value_grad_norm: 2.0457
mean_train_value_loss: 1.9626
mean_train_entropy: 1.4189
mean_train_policy_grad_norm: 0.0236
mean_train_policy_loss: 0.0435
mean_train_reward: -0.1884
mean_train_percentage_of_v_out_of_control: 0.1689
mean_train_percentage_of_lower_than_lower_v: 0.1312
mean_train_percentage_of_higher_than_upper_v: 0.0377
mean_train_totally_controllable_ratio: 0.4979
mean_train_average_voltage_deviation: 0.0276
mean_train_average_voltage: 0.9902
mean_train_max_voltage_drop_deviation: 0.0103
mean_train_max_voltage_rise_deviation: 0.0029
mean_train_total_line_loss: 1.3659
mean_train_q_loss: 1.6084
mean_train_destroy: 0.0000
mean_train_ns_A: 0.0054
mean_train_ns_hour: 10.4877
mean_train_ns_load: 0.0015
mean_train_ns_load_frac: 0.0026
mean_train_ns_y: -0.0013
mean_train_ns_sat: 0.0000
mean_train_ns_clipped: 0.0000
mean_train_ns_x_std: 0.0159
mean_train_ns_q_exec_abs: 1.6084
mean_train_ns_q_cmd_abs: 1.6101
mean_train_ns_resid_after: 0.0015
mean_test_reward: -0.1291
mean_test_percentage_of_v_out_of_control: 0.1418
mean_test_percentage_of_lower_than_lower_v: 0.0041
mean_test_percentage_of_higher_than_upper_v: 0.1377
mean_test_totally_controllable_ratio: 0.7343
mean_test_average_voltage_deviation: 0.0275
mean_test_average_voltage: 1.0221
mean_test_max_voltage_drop_deviation: 0.0000
mean_test_max_voltage_rise_deviation: 0.0134
mean_test_total_line_loss: 1.6689
mean_test_q_loss: 1.0156
mean_test_destroy: 0.0000
mean_test_ns_A: 0.2080
mean_test_ns_hour: 10.0721
mean_test_ns_load: 0.0776
mean_test_ns_load_frac: 0.1293
mean_test_ns_y: -0.0267
mean_test_ns_sat: 0.0874
mean_test_ns_clipped: 0.0000
mean_test_ns_x_std: 0.0109
mean_test_ns_q_exec_abs: 1.0156
mean_test_ns_q_cmd_abs: 0.9982
mean_test_ns_resid_after: 0.0776
The model is saved!

Episode terminated at time: 240 with return: -49.4585.
Episode terminated at time: 240 with return: -48.5546.
Episode terminated at time: 240 with return: -52.7460.
Episode terminated at time: 240 with return: -44.6815.
Episode terminated at time: 240 with return: -51.1758.
Episode terminated at time: 240 with return: -56.0680.
Episode terminated at time: 240 with return: -51.3502.
Episode terminated at time: 240 with return: -55.6820.
Episode terminated at time: 240 with return: -48.2860.
Episode terminated at time: 240 with return: -52.7011.
Episode terminated at time: 240 with return: -46.7856.
Episode terminated at time: 240 with return: -45.9403.
Episode terminated at time: 240 with return: -50.9320.
Episode terminated at time: 240 with return: -53.8260.
The power flow for the reactive power penetration cannot be solved.
Episode terminated at time: 180 with return: -233.9352.
Episode terminated at time: 240 with return: -47.5307.
Episode terminated at time: 240 with return: -45.7579.
Episode terminated at time: 240 with return: -44.6516.
Episode terminated at time: 240 with return: -45.8241.
Episode terminated at time: 240 with return: -46.4237.
Episode terminated at time: 240 with return: -35.7123.
Episode terminated at time: 240 with return: -30.6384.
Episode terminated at time: 240 with return: -30.5788.
Episode terminated at time: 240 with return: -32.5897.
Episode terminated at time: 240 with return: -40.9486.
Episode terminated at time: 240 with return: -30.9526.
Episode terminated at time: 240 with return: -43.0592.
Episode terminated at time: 240 with return: -38.1492.
Episode terminated at time: 240 with return: -35.8268.
Episode terminated at time: 240 with return: -41.0361.
Episode terminated at time: 240 with return: -50.3997.
Episode terminated at time: 240 with return: -54.4803.
Episode terminated at time: 240 with return: -53.2554.
Episode terminated at time: 240 with return: -44.6804.
Episode terminated at time: 240 with return: -49.1098.
The power flow for the reactive power penetration cannot be solved.
Episode terminated at time: 11 with return: -203.0010.
Episode terminated at time: 240 with return: -44.9275.
Episode terminated at time: 240 with return: -45.4841.
Episode terminated at time: 240 with return: -44.9435.
Episode terminated at time: 240 with return: -55.0476.
Episode terminated at time: 240 with return: -45.1810.
Episode terminated at time: 240 with return: -45.0004.
Episode terminated at time: 240 with return: -45.7559.
Episode terminated at time: 240 with return: -47.7752.
Episode terminated at time: 240 with return: -53.4877.
Episode terminated at time: 240 with return: -48.0281.
Episode terminated at time: 240 with return: -46.6828.
Episode terminated at time: 240 with return: -57.1146.
Episode terminated at time: 240 with return: -44.2587.
Episode terminated at time: 240 with return: -55.0641.
Episode terminated at time: 240 with return: -37.7761.
Episode terminated at time: 240 with return: -31.7163.
Episode terminated at time: 240 with return: -34.9125.
Episode terminated at time: 240 with return: -29.8744.
Episode terminated at time: 240 with return: -31.2625.
Episode terminated at time: 240 with return: -32.0498.
Episode terminated at time: 240 with return: -37.2714.
Episode terminated at time: 240 with return: -38.8482.
Episode terminated at time: 240 with return: -33.4863.
Episode terminated at time: 240 with return: -35.4804.

Episode: 320
mean_train_value_grad_norm: 4.6452
mean_train_value_loss: 2.7767
mean_train_entropy: 1.4189
mean_train_policy_grad_norm: 0.0408
mean_train_policy_loss: 0.0513
mean_train_reward: -0.2304
mean_train_percentage_of_v_out_of_control: 0.4336
mean_train_percentage_of_lower_than_lower_v: 0.2172
mean_train_percentage_of_higher_than_upper_v: 0.2164
mean_train_totally_controllable_ratio: 0.3096
mean_train_average_voltage_deviation: 0.0565
mean_train_average_voltage: 0.9999
mean_train_max_voltage_drop_deviation: 0.0207
mean_train_max_voltage_rise_deviation: 0.0268
mean_train_total_line_loss: 3.8819
mean_train_q_loss: 1.7392
mean_train_destroy: 0.0000
mean_train_ns_A: 0.5021
mean_train_ns_hour: 12.2500
mean_train_ns_load: 0.2125
mean_train_ns_load_frac: 0.3541
mean_train_ns_y: -0.0318
mean_train_ns_sat: 0.3245
mean_train_ns_clipped: 0.0268
mean_train_ns_x_std: 0.0187
mean_train_ns_q_exec_abs: 1.7392
mean_train_ns_q_cmd_abs: 1.5783
mean_train_ns_resid_after: 0.2117
mean_test_reward: -0.1434
mean_test_percentage_of_v_out_of_control: 0.1812
mean_test_percentage_of_lower_than_lower_v: 0.0880
mean_test_percentage_of_higher_than_upper_v: 0.0932
mean_test_totally_controllable_ratio: 0.7427
mean_test_average_voltage_deviation: 0.0280
mean_test_average_voltage: 1.0054
mean_test_max_voltage_drop_deviation: 0.0053
mean_test_max_voltage_rise_deviation: 0.0073
mean_test_total_line_loss: 1.8412
mean_test_q_loss: 1.1539
mean_test_destroy: 0.0000
mean_test_ns_A: 0.2466
mean_test_ns_hour: 11.3262
mean_test_ns_load: 0.0966
mean_test_ns_load_frac: 0.1609
mean_test_ns_y: -0.0327
mean_test_ns_sat: 0.1015
mean_test_ns_clipped: 0.0000
mean_test_ns_x_std: 0.0122
mean_test_ns_q_exec_abs: 1.1539
mean_test_ns_q_cmd_abs: 1.1382
mean_test_ns_resid_after: 0.0966
The model is saved!

Episode terminated at time: 240 with return: -50.7497.
Episode terminated at time: 240 with return: -49.9562.
Episode terminated at time: 240 with return: -50.4576.
Episode terminated at time: 240 with return: -44.9822.
Episode terminated at time: 240 with return: -49.3523.
Episode terminated at time: 240 with return: -56.2499.
Episode terminated at time: 240 with return: -43.8012.
Episode terminated at time: 240 with return: -48.9921.
Episode terminated at time: 240 with return: -56.8478.
Episode terminated at time: 240 with return: -45.3710.
Episode terminated at time: 240 with return: -53.5675.
Episode terminated at time: 240 with return: -53.9748.
Episode terminated at time: 240 with return: -56.1996.
Episode terminated at time: 240 with return: -55.5940.
Episode terminated at time: 240 with return: -48.5162.
Episode terminated at time: 240 with return: -48.7640.
Episode terminated at time: 240 with return: -45.3361.
Episode terminated at time: 240 with return: -43.9132.
Episode terminated at time: 240 with return: -44.6347.
Episode terminated at time: 240 with return: -52.1345.
Episode terminated at time: 240 with return: -28.9292.
Episode terminated at time: 240 with return: -28.1198.
Episode terminated at time: 240 with return: -29.4854.
Episode terminated at time: 240 with return: -30.2771.
Episode terminated at time: 240 with return: -30.6482.
Episode terminated at time: 240 with return: -39.9690.
Episode terminated at time: 240 with return: -30.3323.
Episode terminated at time: 240 with return: -32.8559.
Episode terminated at time: 240 with return: -29.2916.
Episode terminated at time: 240 with return: -38.2667.
Episode terminated at time: 240 with return: -49.4428.
Episode terminated at time: 240 with return: -55.4791.
Episode terminated at time: 240 with return: -54.2557.
Episode terminated at time: 240 with return: -47.8328.
Episode terminated at time: 240 with return: -47.7439.
Episode terminated at time: 240 with return: -54.6403.
Episode terminated at time: 240 with return: -57.2873.
Episode terminated at time: 240 with return: -45.7606.
Episode terminated at time: 240 with return: -45.8071.
Episode terminated at time: 240 with return: -54.3163.
Episode terminated at time: 240 with return: -45.8518.
The power flow for the reactive power penetration cannot be solved.
Episode terminated at time: 102 with return: -219.3223.
Episode terminated at time: 240 with return: -57.0392.
Episode terminated at time: 240 with return: -55.7283.
Episode terminated at time: 240 with return: -44.0924.
Episode terminated at time: 240 with return: -44.8631.
Episode terminated at time: 240 with return: -55.9180.
Episode terminated at time: 240 with return: -47.7198.
Episode terminated at time: 240 with return: -44.0463.
Episode terminated at time: 240 with return: -45.2872.
Episode terminated at time: 240 with return: -34.8875.
Episode terminated at time: 240 with return: -37.0831.
Episode terminated at time: 240 with return: -36.3844.
Episode terminated at time: 240 with return: -33.5762.
Episode terminated at time: 240 with return: -33.0830.
Episode terminated at time: 240 with return: -32.6782.
Episode terminated at time: 240 with return: -35.9985.
Episode terminated at time: 240 with return: -42.1832.
Episode terminated at time: 240 with return: -34.3479.
Episode terminated at time: 240 with return: -35.9618.

Episode: 360
mean_train_value_grad_norm: 2.6253
mean_train_value_loss: 1.9831
mean_train_entropy: 1.4189
mean_train_policy_grad_norm: 0.0214
mean_train_policy_loss: 0.0421
mean_train_reward: -0.1895
mean_train_percentage_of_v_out_of_control: 0.1482
mean_train_percentage_of_lower_than_lower_v: 0.1239
mean_train_percentage_of_higher_than_upper_v: 0.0243
mean_train_totally_controllable_ratio: 0.5063
mean_train_average_voltage_deviation: 0.0267
mean_train_average_voltage: 0.9873
mean_train_max_voltage_drop_deviation: 0.0102
mean_train_max_voltage_rise_deviation: 0.0023
mean_train_total_line_loss: 1.5093
mean_train_q_loss: 1.6281
mean_train_destroy: 0.0000
mean_train_ns_A: 0.0111
mean_train_ns_hour: 13.8153
mean_train_ns_load: 0.0035
mean_train_ns_load_frac: 0.0058
mean_train_ns_y: -0.0021
mean_train_ns_sat: 0.0000
mean_train_ns_clipped: 0.0000
mean_train_ns_x_std: 0.0162
mean_train_ns_q_exec_abs: 1.6281
mean_train_ns_q_cmd_abs: 1.6306
mean_train_ns_resid_after: 0.0035
mean_test_reward: -0.1490
mean_test_percentage_of_v_out_of_control: 0.1477
mean_test_percentage_of_lower_than_lower_v: 0.0406
mean_test_percentage_of_higher_than_upper_v: 0.1071
mean_test_totally_controllable_ratio: 0.7770
mean_test_average_voltage_deviation: 0.0284
mean_test_average_voltage: 1.0153
mean_test_max_voltage_drop_deviation: 0.0022
mean_test_max_voltage_rise_deviation: 0.0110
mean_test_total_line_loss: 2.0309
mean_test_q_loss: 1.2065
mean_test_destroy: 0.0000
mean_test_ns_A: 0.2414
mean_test_ns_hour: 12.2728
mean_test_ns_load: 0.0940
mean_test_ns_load_frac: 0.1567
mean_test_ns_y: -0.0381
mean_test_ns_sat: 0.0902
mean_test_ns_clipped: 0.0000
mean_test_ns_x_std: 0.0128
mean_test_ns_q_exec_abs: 1.2065
mean_test_ns_q_cmd_abs: 1.2325
mean_test_ns_resid_after: 0.0940
The model is saved!

Episode terminated at time: 240 with return: -44.2160.
Episode terminated at time: 240 with return: -54.8188.
Episode terminated at time: 240 with return: -54.1981.
Episode terminated at time: 240 with return: -47.0758.
Episode terminated at time: 240 with return: -51.5008.
Episode terminated at time: 240 with return: -44.3848.
Episode terminated at time: 240 with return: -48.0810.
The power flow for the reactive power penetration cannot be solved.
Episode terminated at time: 34 with return: -206.9843.
Episode terminated at time: 240 with return: -45.4835.
Episode terminated at time: 240 with return: -52.2091.
Episode terminated at time: 240 with return: -44.5860.
Episode terminated at time: 240 with return: -44.2975.
Episode terminated at time: 240 with return: -53.9625.
Episode terminated at time: 240 with return: -54.4022.
Episode terminated at time: 240 with return: -54.9904.
Episode terminated at time: 240 with return: -43.8043.
Episode terminated at time: 240 with return: -48.4877.
Episode terminated at time: 240 with return: -54.2537.
Episode terminated at time: 240 with return: -47.1245.
Episode terminated at time: 240 with return: -47.5023.
Episode terminated at time: 240 with return: -35.6636.
Episode terminated at time: 240 with return: -35.4454.
Episode terminated at time: 240 with return: -38.8074.
Episode terminated at time: 240 with return: -43.6007.
Episode terminated at time: 240 with return: -31.5357.
Episode terminated at time: 240 with return: -30.8898.
Episode terminated at time: 240 with return: -31.6262.
Episode terminated at time: 240 with return: -35.5626.
Episode terminated at time: 240 with return: -31.0712.
Episode terminated at time: 240 with return: -36.6576.
Episode terminated at time: 240 with return: -49.1507.
Episode terminated at time: 240 with return: -45.6996.
Episode terminated at time: 240 with return: -45.4621.
Episode terminated at time: 240 with return: -52.3041.
Episode terminated at time: 240 with return: -52.9611.
Episode terminated at time: 240 with return: -52.1221.
Episode terminated at time: 240 with return: -44.8322.
Episode terminated at time: 240 with return: -44.1504.
Episode terminated at time: 240 with return: -49.8416.
Episode terminated at time: 240 with return: -53.4194.
Episode terminated at time: 240 with return: -53.6368.
The power flow for the reactive power penetration cannot be solved.
Episode terminated at time: 87 with return: -223.7702.
Episode terminated at time: 240 with return: -54.3099.
Episode terminated at time: 240 with return: -46.4245.
Episode terminated at time: 240 with return: -54.5872.
Episode terminated at time: 240 with return: -54.7499.
Episode terminated at time: 240 with return: -43.8420.
Episode terminated at time: 240 with return: -48.5732.
Episode terminated at time: 240 with return: -44.8696.
Episode terminated at time: 240 with return: -55.5265.
Episode terminated at time: 240 with return: -33.1542.
Episode terminated at time: 240 with return: -33.4327.
Episode terminated at time: 240 with return: -31.1222.
Episode terminated at time: 240 with return: -40.4939.
Episode terminated at time: 240 with return: -37.7636.
Episode terminated at time: 240 with return: -37.6395.
Episode terminated at time: 240 with return: -40.6145.
Episode terminated at time: 240 with return: -37.1853.
Episode terminated at time: 240 with return: -45.0362.
Episode terminated at time: 240 with return: -45.2092.

Episode: 400
mean_train_value_grad_norm: 3.3858
mean_train_value_loss: 1.0974
mean_train_entropy: 1.4189
mean_train_policy_grad_norm: 0.0286
mean_train_policy_loss: 0.0447
mean_train_reward: -0.2323
mean_train_percentage_of_v_out_of_control: 0.4051
mean_train_percentage_of_lower_than_lower_v: 0.1511
mean_train_percentage_of_higher_than_upper_v: 0.2541
mean_train_totally_controllable_ratio: 0.3305
mean_train_average_voltage_deviation: 0.0589
mean_train_average_voltage: 1.0158
mean_train_max_voltage_drop_deviation: 0.0118
mean_train_max_voltage_rise_deviation: 0.0380
mean_train_total_line_loss: 4.3543
mean_train_q_loss: 1.7345
mean_train_destroy: 0.0000
mean_train_ns_A: 0.4176
mean_train_ns_hour: 15.7500
mean_train_ns_load: 0.1930
mean_train_ns_load_frac: 0.3216
mean_train_ns_y: -0.0180
mean_train_ns_sat: 0.3233
mean_train_ns_clipped: 0.0455
mean_train_ns_x_std: 0.0185
mean_train_ns_q_exec_abs: 1.7345
mean_train_ns_q_cmd_abs: 1.5342
mean_train_ns_resid_after: 0.1909
mean_test_reward: -0.1597
mean_test_percentage_of_v_out_of_control: 0.2676
mean_test_percentage_of_lower_than_lower_v: 0.0278
mean_test_percentage_of_higher_than_upper_v: 0.2398
mean_test_totally_controllable_ratio: 0.5979
mean_test_average_voltage_deviation: 0.0419
mean_test_average_voltage: 1.0322
mean_test_max_voltage_drop_deviation: 0.0013
mean_test_max_voltage_rise_deviation: 0.0270
mean_test_total_line_loss: 2.6461
mean_test_q_loss: 1.1778
mean_test_destroy: 0.0000
mean_test_ns_A: 0.3079
mean_test_ns_hour: 11.2449
mean_test_ns_load: 0.1206
mean_test_ns_load_frac: 0.2010
mean_test_ns_y: -0.0371
mean_test_ns_sat: 0.1391
mean_test_ns_clipped: 0.0000
mean_test_ns_x_std: 0.0124
mean_test_ns_q_exec_abs: 1.1778
mean_test_ns_q_cmd_abs: 1.1197
mean_test_ns_resid_after: 0.1206
The model is saved!

ns layer: agent-steps seen 3126948, disturbed 1478004 (sigma=3.0, coupled)
